[(Con "Sam"), (Con "Fritz")]
[("eats" (Con "flies")), ("likes" (Con "beer"))]
[((Pred "eats") (Con "Sam") (Con "flies")), ((Pred "eats") (Con "Fritz") (Con "flies")), ((Pred "likes") (Con "Sam") (Con "beer")), ((Pred "hates") (Con "Fritz") (Con "beer"))]
[(a result-a), (b result-b), (c result-c)]
[()]
[()]
[()]
[()]
[proof1, proof2]
[proof3]
[(g a result-ga), (g b result-gb), (h a result-ha)]
[(a result-ga), (b result-gb)]
